
=== Farmer: Azan ===
Date: 2025-11-11 21:13:59
Region: Piplan | Season: Winter
Conditions - Temperature: 25C, Rainfall: 150mm
Top Recommendations:
1. Sunflower | Score: 82.6% | Soil: Sandy | Season: All | Est. Yield: 1.2t/ha
2. Millet | Score: 61.7% | Soil: Sandy | Season: Monsoon | Est. Yield: 0.6t/ha
3. Gram | Score: 52.1% | Soil: Sandy Loam | Season: Winter | Est. Yield: 0.6t/ha
4. Tomato | Score: 49.8% | Soil: Loamy | Season: All | Est. Yield: 15.0t/ha
5. Sugarcane | Score: 48.4% | Soil: Clay Loam | Season: All | Est. Yield: 33.9t/ha
================================

=== Farmer: Azan ===
Date: 2025-11-11 21:20:07
Region: Piplan | Season: Winter
Conditions - Temperature: 43C, Rainfall: 150mm
Top Recommendations:
1. Sunflower | Score: 42.6% | Soil: Sandy | Season: All | Est. Yield: 0.6t/ha
2. Millet | Score: 35.0% | Soil: Sandy | Season: Monsoon | Est. Yield: 0.4t/ha
3. Gram | Score: 33.6% | Soil: Sandy Loam | Season: Winter | Est. Yield: 0.4t/ha
================================

=== Farmer: Azan ===
Date: 2025-11-11 21:24:05
Region: Piplan | Season: Summer
Conditions - Temperature: 43C, Rainfall: 150mm
Top Recommendations:
1. Sunflower | Score: 42.6% | Soil: Sandy | Season: All | Est. Yield: 0.6t/ha
2. Millet | Score: 35.0% | Soil: Sandy | Season: Monsoon | Est. Yield: 0.4t/ha
3. Cotton | Score: 29.4% | Soil: Sandy Loam | Season: Summer | Est. Yield: 0.6t/ha
4. Gram | Score: 23.6% | Soil: Sandy Loam | Season: Winter | Est. Yield: 0.3t/ha
================================

=== Farmer: Azan ===
Date: 2025-11-11 21:38:12
Region: Piplan | Season: Monsoon
Conditions - Temperature: 38C, Rainfall: 130mm
Top Recommendations:
1. Millet | Score: 43.7% | Soil: Sandy | Season: Monsoon | Est. Yield: 0.4t/ha
2. Sunflower | Score: 41.6% | Soil: Sandy | Season: All | Est. Yield: 0.6t/ha
3. Gram | Score: 22.5% | Soil: Sandy Loam | Season: Winter | Est. Yield: 0.3t/ha
================================

=== Farmer: Azan ===
Date: 2025-11-16 15:38:34
Region: Piplan | Season: Winter
Conditions - Temperature: 54C, Rainfall: 120mm
Top Recommendations:
1. Sunflower | Score: 41.1% | Soil: Sandy | Season: All | Est. Yield: 0.6t/ha
2. Millet | Score: 33.1% | Soil: Sandy | Season: Monsoon | Est. Yield: 0.3t/ha
3. Gram | Score: 31.9% | Soil: Sandy Loam | Season: Winter | Est. Yield: 0.4t/ha
================================

=== Farmer: Azan ===
Date: 2025-11-16 15:40:33
Region: Piplan | Season: Winter
Conditions - Temperature: 54C, Rainfall: 120mm
Top Recommendations:
1. Sunflower | Score: 41.1% | Soil: Sandy | Season: All | Est. Yield: 0.6t/ha
2. Millet | Score: 33.1% | Soil: Sandy | Season: Monsoon | Est. Yield: 0.3t/ha
3. Gram | Score: 31.9% | Soil: Sandy Loam | Season: Winter | Est. Yield: 0.4t/ha
================================
